  Determining projects to restore...
  All projects are up-to-date for restore.
/Users/franco/Documents/AO/argentum-server-net/Script/Analyzers/CodeAnalysisUtils.cs(16,9): warning CS0618: 'Workspace.WorkspaceFailed' is obsolete: 'Use RegisterWorkspaceFailedHandler instead, which by default will no longer run on the UI thread.' [/Users/franco/Documents/AO/argentum-server-net/Script/Script.csproj]
/Users/franco/Documents/AO/argentum-server-net/Script/Analyzers/TypeNamingFixer.cs(59,45): warning CS0618: 'Renamer.RenameSymbolAsync(Solution, ISymbol, string, OptionSet?, CancellationToken)' is obsolete: 'Use overload taking RenameOptions' [/Users/franco/Documents/AO/argentum-server-net/Script/Script.csproj]
/Users/franco/Documents/AO/argentum-server-net/Script/Program.cs(86,17): warning CS0162: Unreachable code detected [/Users/franco/Documents/AO/argentum-server-net/Script/Script.csproj]
  Script -> /Users/franco/Documents/AO/argentum-server-net/Script/bin/Debug/net10.0/Script.dll
/Users/franco/Documents/AO/argentum-server-net/Legacy/Source/Declares.cs(1710,19): warning CS8981: The type name 'npc' only contains lower-cased ascii characters. Such names may become reserved for the language. [/Users/franco/Documents/AO/argentum-server-net/Legacy/Legacy.csproj]
/Users/franco/Documents/AO/argentum-server-net/Legacy/Source/Admin.cs(127,17): warning CS0168: The variable 'Porc' is declared but never used [/Users/franco/Documents/AO/argentum-server-net/Legacy/Legacy.csproj]
/Users/franco/Documents/AO/argentum-server-net/Legacy/Source/clsIniReader.cs(78,15): warning CS0168: The variable 'handle' is declared but never used [/Users/franco/Documents/AO/argentum-server-net/Legacy/Legacy.csproj]
/Users/franco/Documents/AO/argentum-server-net/Legacy/Source/clsParty.cs(136,29): warning CS0162: Unreachable code detected [/Users/franco/Documents/AO/argentum-server-net/Legacy/Legacy.csproj]
/Users/franco/Documents/AO/argentum-server-net/Legacy/Source/AI_NPC.cs(947,14): warning CS0168: The variable 'tHeading' is declared but never used [/Users/franco/Documents/AO/argentum-server-net/Legacy/Legacy.csproj]
/Users/franco/Documents/AO/argentum-server-net/Legacy/Source/AI_NPC.cs(949,15): warning CS0168: The variable 'SignoNS' is declared but never used [/Users/franco/Documents/AO/argentum-server-net/Legacy/Legacy.csproj]
/Users/franco/Documents/AO/argentum-server-net/Legacy/Source/AI_NPC.cs(950,15): warning CS0168: The variable 'SignoEO' is declared but never used [/Users/franco/Documents/AO/argentum-server-net/Legacy/Legacy.csproj]
/Users/franco/Documents/AO/argentum-server-net/Legacy/Source/mdlCOmercioConUsuario.cs(131,14): warning CS0168: The variable 'TerminarAhora' is declared but never used [/Users/franco/Documents/AO/argentum-server-net/Legacy/Legacy.csproj]
/Users/franco/Documents/AO/argentum-server-net/Legacy/Source/InvUsuario.cs(59,18): warning CS0168: The variable 'flag' is declared but never used [/Users/franco/Documents/AO/argentum-server-net/Legacy/Legacy.csproj]
/Users/franco/Documents/AO/argentum-server-net/Legacy/Source/General.cs(260,22): warning CS0168: The variable 'f' is declared but never used [/Users/franco/Documents/AO/argentum-server-net/Legacy/Legacy.csproj]
/Users/franco/Documents/AO/argentum-server-net/Legacy/Source/InvUsuario.cs(208,18): warning CS0168: The variable 'i' is declared but never used [/Users/franco/Documents/AO/argentum-server-net/Legacy/Legacy.csproj]
/Users/franco/Documents/AO/argentum-server-net/Legacy/Source/GameLoop.cs(609,19): warning CS0168: The variable 'i' is declared but never used [/Users/franco/Documents/AO/argentum-server-net/Legacy/Legacy.csproj]
/Users/franco/Documents/AO/argentum-server-net/Legacy/Source/GameLoop.cs(610,17): warning CS0168: The variable 'num' is declared but never used [/Users/franco/Documents/AO/argentum-server-net/Legacy/Legacy.csproj]
/Users/franco/Documents/AO/argentum-server-net/Legacy/Source/GameLoop.cs(706,15): warning CS0168: The variable 'X' is declared but never used [/Users/franco/Documents/AO/argentum-server-net/Legacy/Legacy.csproj]
/Users/franco/Documents/AO/argentum-server-net/Legacy/Source/GameLoop.cs(707,15): warning CS0168: The variable 'Y' is declared but never used [/Users/franco/Documents/AO/argentum-server-net/Legacy/Legacy.csproj]
/Users/franco/Documents/AO/argentum-server-net/Legacy/Source/GameLoop.cs(708,15): warning CS0168: The variable 'UseAI' is declared but never used [/Users/franco/Documents/AO/argentum-server-net/Legacy/Legacy.csproj]
/Users/franco/Documents/AO/argentum-server-net/Legacy/Source/modForum.cs(29,15): warning CS0168: The variable 'FileIndex' is declared but never used [/Users/franco/Documents/AO/argentum-server-net/Legacy/Legacy.csproj]
/Users/franco/Documents/AO/argentum-server-net/Legacy/Source/InvUsuario.cs(541,19): warning CS0168: The variable 'X' is declared but never used [/Users/franco/Documents/AO/argentum-server-net/Legacy/Legacy.csproj]
/Users/franco/Documents/AO/argentum-server-net/Legacy/Source/InvUsuario.cs(542,19): warning CS0168: The variable 'Y' is declared but never used [/Users/franco/Documents/AO/argentum-server-net/Legacy/Legacy.csproj]
/Users/franco/Documents/AO/argentum-server-net/Legacy/Source/modForum.cs(182,15): warning CS0168: The variable 'FileIndex' is declared but never used [/Users/franco/Documents/AO/argentum-server-net/Legacy/Legacy.csproj]
/Users/franco/Documents/AO/argentum-server-net/Legacy/Source/InvUsuario.cs(634,14): warning CS0168: The variable 'Slot' is declared but never used [/Users/franco/Documents/AO/argentum-server-net/Legacy/Legacy.csproj]
/Users/franco/Documents/AO/argentum-server-net/Legacy/Source/FileIO.cs(437,15): warning CS0168: The variable 'i' is declared but never used [/Users/franco/Documents/AO/argentum-server-net/Legacy/Legacy.csproj]
/Users/franco/Documents/AO/argentum-server-net/Legacy/Source/modHechizos.cs(1531,25): warning CS0162: Unreachable code detected [/Users/franco/Documents/AO/argentum-server-net/Legacy/Legacy.csproj]
/Users/franco/Documents/AO/argentum-server-net/Legacy/Source/Modulo_InventANDobj.cs(344,18): warning CS0168: The variable 'i' is declared but never used [/Users/franco/Documents/AO/argentum-server-net/Legacy/Legacy.csproj]
/Users/franco/Documents/AO/argentum-server-net/Legacy/Source/praetorians.cs(264,18): warning CS0219: The variable 'PJBestTarget' is assigned but its value is never used [/Users/franco/Documents/AO/argentum-server-net/Legacy/Legacy.csproj]
/Users/franco/Documents/AO/argentum-server-net/Legacy/Source/praetorians.cs(479,18): warning CS0219: The variable 'PJBestTarget' is assigned but its value is never used [/Users/franco/Documents/AO/argentum-server-net/Legacy/Legacy.csproj]
/Users/franco/Documents/AO/argentum-server-net/Legacy/Source/modSendData.cs(66,19): warning CS0168: The variable 'Map' is declared but never used [/Users/franco/Documents/AO/argentum-server-net/Legacy/Legacy.csproj]
/Users/franco/Documents/AO/argentum-server-net/Legacy/Source/SocketManager.cs(164,40): warning CS0168: The variable 'ex' is declared but never used [/Users/franco/Documents/AO/argentum-server-net/Legacy/Legacy.csproj]
/Users/franco/Documents/AO/argentum-server-net/Legacy/Source/SocketManager.cs(217,40): warning CS0168: The variable 'ex' is declared but never used [/Users/franco/Documents/AO/argentum-server-net/Legacy/Legacy.csproj]
/Users/franco/Documents/AO/argentum-server-net/Legacy/Source/praetorians.cs(931,19): warning CS0168: The variable 'NPCAlInd' is declared but never used [/Users/franco/Documents/AO/argentum-server-net/Legacy/Legacy.csproj]
/Users/franco/Documents/AO/argentum-server-net/Legacy/Source/SocketManager.cs(293,40): warning CS0168: The variable 'ex' is declared but never used [/Users/franco/Documents/AO/argentum-server-net/Legacy/Legacy.csproj]
/Users/franco/Documents/AO/argentum-server-net/Legacy/Source/SocketManager.cs(299,32): warning CS0168: The variable 'ex' is declared but never used [/Users/franco/Documents/AO/argentum-server-net/Legacy/Legacy.csproj]
/Users/franco/Documents/AO/argentum-server-net/Legacy/Source/SocketManager.cs(373,40): warning CS0168: The variable 'ex' is declared but never used [/Users/franco/Documents/AO/argentum-server-net/Legacy/Legacy.csproj]
/Users/franco/Documents/AO/argentum-server-net/Legacy/Source/SocketManager.cs(428,40): warning CS0168: The variable 'ex' is declared but never used [/Users/franco/Documents/AO/argentum-server-net/Legacy/Legacy.csproj]
/Users/franco/Documents/AO/argentum-server-net/Legacy/Source/SocketManager.cs(432,32): warning CS0168: The variable 'ex' is declared but never used [/Users/franco/Documents/AO/argentum-server-net/Legacy/Legacy.csproj]
/Users/franco/Documents/AO/argentum-server-net/Legacy/Source/SocketManager.cs(555,40): warning CS0168: The variable 'ex' is declared but never used [/Users/franco/Documents/AO/argentum-server-net/Legacy/Legacy.csproj]
/Users/franco/Documents/AO/argentum-server-net/Legacy/Source/SocketManager.cs(559,32): warning CS0168: The variable 'ex' is declared but never used [/Users/franco/Documents/AO/argentum-server-net/Legacy/Legacy.csproj]
/Users/franco/Documents/AO/argentum-server-net/Legacy/Source/SocketManager.cs(563,26): warning CS0168: The variable 'ex' is declared but never used [/Users/franco/Documents/AO/argentum-server-net/Legacy/Legacy.csproj]
/Users/franco/Documents/AO/argentum-server-net/Legacy/Source/MODULO_NPCs.cs(1053,16): warning CS0168: The variable 'aux' is declared but never used [/Users/franco/Documents/AO/argentum-server-net/Legacy/Legacy.csproj]
/Users/franco/Documents/AO/argentum-server-net/Legacy/Source/praetorians.cs(2414,9): warning CS0162: Unreachable code detected [/Users/franco/Documents/AO/argentum-server-net/Legacy/Legacy.csproj]
/Users/franco/Documents/AO/argentum-server-net/Legacy/Source/FileIO.cs(1286,15): warning CS0168: The variable 'NpcIndex' is declared but never used [/Users/franco/Documents/AO/argentum-server-net/Legacy/Legacy.csproj]
/Users/franco/Documents/AO/argentum-server-net/Legacy/Source/FileIO.cs(1538,26): warning CS0168: The variable 'ex' is declared but never used [/Users/franco/Documents/AO/argentum-server-net/Legacy/Legacy.csproj]
/Users/franco/Documents/AO/argentum-server-net/Legacy/Source/FileIO.cs(1556,15): warning CS0168: The variable 'TempInt' is declared but never used [/Users/franco/Documents/AO/argentum-server-net/Legacy/Legacy.csproj]
/Users/franco/Documents/AO/argentum-server-net/Legacy/Source/FileIO.cs(1558,16): warning CS0168: The variable 'npcfile' is declared but never used [/Users/franco/Documents/AO/argentum-server-net/Legacy/Legacy.csproj]
/Users/franco/Documents/AO/argentum-server-net/Legacy/Source/FileIO.cs(2562,17): warning CS0219: The variable 'argEmptySpaces2' is assigned but its value is never used [/Users/franco/Documents/AO/argentum-server-net/Legacy/Legacy.csproj]
/Users/franco/Documents/AO/argentum-server-net/Legacy/Source/FileIO.cs(2567,17): warning CS0219: The variable 'argEmptySpaces4' is assigned but its value is never used [/Users/franco/Documents/AO/argentum-server-net/Legacy/Legacy.csproj]
/Users/franco/Documents/AO/argentum-server-net/Legacy/Source/FileIO.cs(2579,17): warning CS0219: The variable 'argEmptySpaces8' is assigned but its value is never used [/Users/franco/Documents/AO/argentum-server-net/Legacy/Legacy.csproj]
/Users/franco/Documents/AO/argentum-server-net/Legacy/Source/FileIO.cs(2765,15): warning CS0168: The variable 'X' is declared but never used [/Users/franco/Documents/AO/argentum-server-net/Legacy/Legacy.csproj]
/Users/franco/Documents/AO/argentum-server-net/Legacy/Source/FileIO.cs(2766,15): warning CS0168: The variable 'Y' is declared but never used [/Users/franco/Documents/AO/argentum-server-net/Legacy/Legacy.csproj]
/Users/franco/Documents/AO/argentum-server-net/Legacy/Source/FileIO.cs(2872,15): warning CS0168: The variable 'i' is declared but never used [/Users/franco/Documents/AO/argentum-server-net/Legacy/Legacy.csproj]
/Users/franco/Documents/AO/argentum-server-net/Legacy/Source/FileIO.cs(2925,13): warning CS0168: The variable 'RaceIndex' is declared but never used [/Users/franco/Documents/AO/argentum-server-net/Legacy/Legacy.csproj]
/Users/franco/Documents/AO/argentum-server-net/Legacy/Source/Protocol.cs(16994,17): warning CS0168: The variable 'error' is declared but never used [/Users/franco/Documents/AO/argentum-server-net/Legacy/Legacy.csproj]
/Users/franco/Documents/AO/argentum-server-net/Legacy/Source/Protocol.cs(19560,26): warning CS0168: The variable 'ex' is declared but never used [/Users/franco/Documents/AO/argentum-server-net/Legacy/Legacy.csproj]
/Users/franco/Documents/AO/argentum-server-net/Legacy/Source/Admin.cs(33,25): warning CS0649: Field 'Admin.IntervaloNPCAI' is never assigned to, and will always have its default value 0 [/Users/franco/Documents/AO/argentum-server-net/Legacy/Legacy.csproj]
/Users/franco/Documents/AO/argentum-server-net/Legacy/Source/cSolicitud.cs(5,19): warning CS0649: Field 'cSolicitud.desc' is never assigned to, and will always have its default value null [/Users/franco/Documents/AO/argentum-server-net/Legacy/Legacy.csproj]
/Users/franco/Documents/AO/argentum-server-net/Legacy/Source/Declares.cs(1110,22): warning CS0649: Field 'Declaraciones.FXdata.GrhIndex' is never assigned to, and will always have its default value 0 [/Users/franco/Documents/AO/argentum-server-net/Legacy/Legacy.csproj]
/Users/franco/Documents/AO/argentum-server-net/Legacy/Source/Declares.cs(1089,22): warning CS0649: Field 'Declaraciones.tPartyData.PIndex' is never assigned to, and will always have its default value 0 [/Users/franco/Documents/AO/argentum-server-net/Legacy/Legacy.csproj]
/Users/franco/Documents/AO/argentum-server-net/Legacy/Source/cSolicitud.cs(6,19): warning CS0649: Field 'cSolicitud.UserName' is never assigned to, and will always have its default value null [/Users/franco/Documents/AO/argentum-server-net/Legacy/Legacy.csproj]
/Users/franco/Documents/AO/argentum-server-net/Legacy/Source/Declares.cs(879,25): warning CS0649: Field 'Declaraciones.NumFX' is never assigned to, and will always have its default value 0 [/Users/franco/Documents/AO/argentum-server-net/Legacy/Legacy.csproj]
/Users/franco/Documents/AO/argentum-server-net/Legacy/Source/clsByteQueue.cs(600,22): warning CS0649: Field 'clsByteQueue.ByteConverter.SingleValue' is never assigned to, and will always have its default value 0 [/Users/franco/Documents/AO/argentum-server-net/Legacy/Legacy.csproj]
/Users/franco/Documents/AO/argentum-server-net/Legacy/Source/Declares.cs(919,28): warning CS0649: Field 'Declaraciones.FX' is never assigned to, and will always have its default value null [/Users/franco/Documents/AO/argentum-server-net/Legacy/Legacy.csproj]
/Users/franco/Documents/AO/argentum-server-net/Legacy/Source/Declares.cs(1090,23): warning CS0649: Field 'Declaraciones.tPartyData.RemXP' is never assigned to, and will always have its default value 0 [/Users/franco/Documents/AO/argentum-server-net/Legacy/Legacy.csproj]
/Users/franco/Documents/AO/argentum-server-net/Legacy/Source/Admin.cs(31,25): warning CS0649: Field 'Admin.IntervaloLanzaHechizo' is never assigned to, and will always have its default value 0 [/Users/franco/Documents/AO/argentum-server-net/Legacy/Legacy.csproj]
/Users/franco/Documents/AO/argentum-server-net/Legacy/Source/Declares.cs(827,24): warning CS0649: Field 'Declaraciones.BackUp' is never assigned to, and will always have its default value false [/Users/franco/Documents/AO/argentum-server-net/Legacy/Legacy.csproj]
/Users/franco/Documents/AO/argentum-server-net/Legacy/Source/Declares.cs(1091,22): warning CS0649: Field 'Declaraciones.tPartyData.TargetUser' is never assigned to, and will always have its default value 0 [/Users/franco/Documents/AO/argentum-server-net/Legacy/Legacy.csproj]
/Users/franco/Documents/AO/argentum-server-net/Legacy/Source/Declares.cs(825,24): warning CS0649: Field 'Declaraciones.SERVERONLINE' is never assigned to, and will always have its default value false [/Users/franco/Documents/AO/argentum-server-net/Legacy/Legacy.csproj]
/Users/franco/Documents/AO/argentum-server-net/Legacy/Source/Declares.cs(898,24): warning CS0649: Field 'Declaraciones.EnPausa' is never assigned to, and will always have its default value false [/Users/franco/Documents/AO/argentum-server-net/Legacy/Legacy.csproj]
/Users/franco/Documents/AO/argentum-server-net/Legacy/Source/clsByteQueue.cs(611,23): warning CS0649: Field 'clsByteQueue.DoubleConverter.DoubleValue' is never assigned to, and will always have its default value 0 [/Users/franco/Documents/AO/argentum-server-net/Legacy/Legacy.csproj]
/Users/franco/Documents/AO/argentum-server-net/Legacy/Source/Declares.cs(1111,22): warning CS0649: Field 'Declaraciones.FXdata.Delay' is never assigned to, and will always have its default value 0 [/Users/franco/Documents/AO/argentum-server-net/Legacy/Legacy.csproj]
/Users/franco/Documents/AO/argentum-server-net/Legacy/Source/clsByteQueue.cs(599,20): warning CS0649: Field 'clsByteQueue.ByteConverter.LongValue' is never assigned to, and will always have its default value 0 [/Users/franco/Documents/AO/argentum-server-net/Legacy/Legacy.csproj]
/Users/franco/Documents/AO/argentum-server-net/Legacy/Source/Admin.cs(32,25): warning CS0649: Field 'Admin.IntervaloNPCPuedeAtacar' is never assigned to, and will always have its default value 0 [/Users/franco/Documents/AO/argentum-server-net/Legacy/Legacy.csproj]
/Users/franco/Documents/AO/argentum-server-net/Legacy/Source/GameLoop.cs(49,24): warning CS0169: The field 'GameLoop._TickAutoSave_MinsPjesSave' is never used [/Users/franco/Documents/AO/argentum-server-net/Legacy/Legacy.csproj]
/Users/franco/Documents/AO/argentum-server-net/Legacy/Source/Declares.cs(1109,23): warning CS0649: Field 'Declaraciones.FXdata.Nombre' is never assigned to, and will always have its default value null [/Users/franco/Documents/AO/argentum-server-net/Legacy/Legacy.csproj]
  Legacy -> /Users/franco/Documents/AO/argentum-server-net/Legacy/bin/Debug/net10.0/Legacy.dll
  Server -> /Users/franco/Documents/AO/argentum-server-net/Server/bin/Debug/net10.0/Server.dll

Build succeeded.

/Users/franco/Documents/AO/argentum-server-net/Script/Analyzers/CodeAnalysisUtils.cs(16,9): warning CS0618: 'Workspace.WorkspaceFailed' is obsolete: 'Use RegisterWorkspaceFailedHandler instead, which by default will no longer run on the UI thread.' [/Users/franco/Documents/AO/argentum-server-net/Script/Script.csproj]
/Users/franco/Documents/AO/argentum-server-net/Script/Analyzers/TypeNamingFixer.cs(59,45): warning CS0618: 'Renamer.RenameSymbolAsync(Solution, ISymbol, string, OptionSet?, CancellationToken)' is obsolete: 'Use overload taking RenameOptions' [/Users/franco/Documents/AO/argentum-server-net/Script/Script.csproj]
/Users/franco/Documents/AO/argentum-server-net/Script/Program.cs(86,17): warning CS0162: Unreachable code detected [/Users/franco/Documents/AO/argentum-server-net/Script/Script.csproj]
/Users/franco/Documents/AO/argentum-server-net/Legacy/Source/Declares.cs(1710,19): warning CS8981: The type name 'npc' only contains lower-cased ascii characters. Such names may become reserved for the language. [/Users/franco/Documents/AO/argentum-server-net/Legacy/Legacy.csproj]
/Users/franco/Documents/AO/argentum-server-net/Legacy/Source/Admin.cs(127,17): warning CS0168: The variable 'Porc' is declared but never used [/Users/franco/Documents/AO/argentum-server-net/Legacy/Legacy.csproj]
/Users/franco/Documents/AO/argentum-server-net/Legacy/Source/clsIniReader.cs(78,15): warning CS0168: The variable 'handle' is declared but never used [/Users/franco/Documents/AO/argentum-server-net/Legacy/Legacy.csproj]
/Users/franco/Documents/AO/argentum-server-net/Legacy/Source/clsParty.cs(136,29): warning CS0162: Unreachable code detected [/Users/franco/Documents/AO/argentum-server-net/Legacy/Legacy.csproj]
/Users/franco/Documents/AO/argentum-server-net/Legacy/Source/AI_NPC.cs(947,14): warning CS0168: The variable 'tHeading' is declared but never used [/Users/franco/Documents/AO/argentum-server-net/Legacy/Legacy.csproj]
/Users/franco/Documents/AO/argentum-server-net/Legacy/Source/AI_NPC.cs(949,15): warning CS0168: The variable 'SignoNS' is declared but never used [/Users/franco/Documents/AO/argentum-server-net/Legacy/Legacy.csproj]
/Users/franco/Documents/AO/argentum-server-net/Legacy/Source/AI_NPC.cs(950,15): warning CS0168: The variable 'SignoEO' is declared but never used [/Users/franco/Documents/AO/argentum-server-net/Legacy/Legacy.csproj]
/Users/franco/Documents/AO/argentum-server-net/Legacy/Source/mdlCOmercioConUsuario.cs(131,14): warning CS0168: The variable 'TerminarAhora' is declared but never used [/Users/franco/Documents/AO/argentum-server-net/Legacy/Legacy.csproj]
/Users/franco/Documents/AO/argentum-server-net/Legacy/Source/InvUsuario.cs(59,18): warning CS0168: The variable 'flag' is declared but never used [/Users/franco/Documents/AO/argentum-server-net/Legacy/Legacy.csproj]
/Users/franco/Documents/AO/argentum-server-net/Legacy/Source/General.cs(260,22): warning CS0168: The variable 'f' is declared but never used [/Users/franco/Documents/AO/argentum-server-net/Legacy/Legacy.csproj]
/Users/franco/Documents/AO/argentum-server-net/Legacy/Source/InvUsuario.cs(208,18): warning CS0168: The variable 'i' is declared but never used [/Users/franco/Documents/AO/argentum-server-net/Legacy/Legacy.csproj]
/Users/franco/Documents/AO/argentum-server-net/Legacy/Source/GameLoop.cs(609,19): warning CS0168: The variable 'i' is declared but never used [/Users/franco/Documents/AO/argentum-server-net/Legacy/Legacy.csproj]
/Users/franco/Documents/AO/argentum-server-net/Legacy/Source/GameLoop.cs(610,17): warning CS0168: The variable 'num' is declared but never used [/Users/franco/Documents/AO/argentum-server-net/Legacy/Legacy.csproj]
/Users/franco/Documents/AO/argentum-server-net/Legacy/Source/GameLoop.cs(706,15): warning CS0168: The variable 'X' is declared but never used [/Users/franco/Documents/AO/argentum-server-net/Legacy/Legacy.csproj]
/Users/franco/Documents/AO/argentum-server-net/Legacy/Source/GameLoop.cs(707,15): warning CS0168: The variable 'Y' is declared but never used [/Users/franco/Documents/AO/argentum-server-net/Legacy/Legacy.csproj]
/Users/franco/Documents/AO/argentum-server-net/Legacy/Source/GameLoop.cs(708,15): warning CS0168: The variable 'UseAI' is declared but never used [/Users/franco/Documents/AO/argentum-server-net/Legacy/Legacy.csproj]
/Users/franco/Documents/AO/argentum-server-net/Legacy/Source/modForum.cs(29,15): warning CS0168: The variable 'FileIndex' is declared but never used [/Users/franco/Documents/AO/argentum-server-net/Legacy/Legacy.csproj]
/Users/franco/Documents/AO/argentum-server-net/Legacy/Source/InvUsuario.cs(541,19): warning CS0168: The variable 'X' is declared but never used [/Users/franco/Documents/AO/argentum-server-net/Legacy/Legacy.csproj]
/Users/franco/Documents/AO/argentum-server-net/Legacy/Source/InvUsuario.cs(542,19): warning CS0168: The variable 'Y' is declared but never used [/Users/franco/Documents/AO/argentum-server-net/Legacy/Legacy.csproj]
/Users/franco/Documents/AO/argentum-server-net/Legacy/Source/modForum.cs(182,15): warning CS0168: The variable 'FileIndex' is declared but never used [/Users/franco/Documents/AO/argentum-server-net/Legacy/Legacy.csproj]
/Users/franco/Documents/AO/argentum-server-net/Legacy/Source/InvUsuario.cs(634,14): warning CS0168: The variable 'Slot' is declared but never used [/Users/franco/Documents/AO/argentum-server-net/Legacy/Legacy.csproj]
/Users/franco/Documents/AO/argentum-server-net/Legacy/Source/FileIO.cs(437,15): warning CS0168: The variable 'i' is declared but never used [/Users/franco/Documents/AO/argentum-server-net/Legacy/Legacy.csproj]
/Users/franco/Documents/AO/argentum-server-net/Legacy/Source/modHechizos.cs(1531,25): warning CS0162: Unreachable code detected [/Users/franco/Documents/AO/argentum-server-net/Legacy/Legacy.csproj]
/Users/franco/Documents/AO/argentum-server-net/Legacy/Source/Modulo_InventANDobj.cs(344,18): warning CS0168: The variable 'i' is declared but never used [/Users/franco/Documents/AO/argentum-server-net/Legacy/Legacy.csproj]
/Users/franco/Documents/AO/argentum-server-net/Legacy/Source/praetorians.cs(264,18): warning CS0219: The variable 'PJBestTarget' is assigned but its value is never used [/Users/franco/Documents/AO/argentum-server-net/Legacy/Legacy.csproj]
/Users/franco/Documents/AO/argentum-server-net/Legacy/Source/praetorians.cs(479,18): warning CS0219: The variable 'PJBestTarget' is assigned but its value is never used [/Users/franco/Documents/AO/argentum-server-net/Legacy/Legacy.csproj]
/Users/franco/Documents/AO/argentum-server-net/Legacy/Source/modSendData.cs(66,19): warning CS0168: The variable 'Map' is declared but never used [/Users/franco/Documents/AO/argentum-server-net/Legacy/Legacy.csproj]
/Users/franco/Documents/AO/argentum-server-net/Legacy/Source/SocketManager.cs(164,40): warning CS0168: The variable 'ex' is declared but never used [/Users/franco/Documents/AO/argentum-server-net/Legacy/Legacy.csproj]
/Users/franco/Documents/AO/argentum-server-net/Legacy/Source/SocketManager.cs(217,40): warning CS0168: The variable 'ex' is declared but never used [/Users/franco/Documents/AO/argentum-server-net/Legacy/Legacy.csproj]
/Users/franco/Documents/AO/argentum-server-net/Legacy/Source/praetorians.cs(931,19): warning CS0168: The variable 'NPCAlInd' is declared but never used [/Users/franco/Documents/AO/argentum-server-net/Legacy/Legacy.csproj]
/Users/franco/Documents/AO/argentum-server-net/Legacy/Source/SocketManager.cs(293,40): warning CS0168: The variable 'ex' is declared but never used [/Users/franco/Documents/AO/argentum-server-net/Legacy/Legacy.csproj]
/Users/franco/Documents/AO/argentum-server-net/Legacy/Source/SocketManager.cs(299,32): warning CS0168: The variable 'ex' is declared but never used [/Users/franco/Documents/AO/argentum-server-net/Legacy/Legacy.csproj]
/Users/franco/Documents/AO/argentum-server-net/Legacy/Source/SocketManager.cs(373,40): warning CS0168: The variable 'ex' is declared but never used [/Users/franco/Documents/AO/argentum-server-net/Legacy/Legacy.csproj]
/Users/franco/Documents/AO/argentum-server-net/Legacy/Source/SocketManager.cs(428,40): warning CS0168: The variable 'ex' is declared but never used [/Users/franco/Documents/AO/argentum-server-net/Legacy/Legacy.csproj]
/Users/franco/Documents/AO/argentum-server-net/Legacy/Source/SocketManager.cs(432,32): warning CS0168: The variable 'ex' is declared but never used [/Users/franco/Documents/AO/argentum-server-net/Legacy/Legacy.csproj]
/Users/franco/Documents/AO/argentum-server-net/Legacy/Source/SocketManager.cs(555,40): warning CS0168: The variable 'ex' is declared but never used [/Users/franco/Documents/AO/argentum-server-net/Legacy/Legacy.csproj]
/Users/franco/Documents/AO/argentum-server-net/Legacy/Source/SocketManager.cs(559,32): warning CS0168: The variable 'ex' is declared but never used [/Users/franco/Documents/AO/argentum-server-net/Legacy/Legacy.csproj]
/Users/franco/Documents/AO/argentum-server-net/Legacy/Source/SocketManager.cs(563,26): warning CS0168: The variable 'ex' is declared but never used [/Users/franco/Documents/AO/argentum-server-net/Legacy/Legacy.csproj]
/Users/franco/Documents/AO/argentum-server-net/Legacy/Source/MODULO_NPCs.cs(1053,16): warning CS0168: The variable 'aux' is declared but never used [/Users/franco/Documents/AO/argentum-server-net/Legacy/Legacy.csproj]
/Users/franco/Documents/AO/argentum-server-net/Legacy/Source/praetorians.cs(2414,9): warning CS0162: Unreachable code detected [/Users/franco/Documents/AO/argentum-server-net/Legacy/Legacy.csproj]
/Users/franco/Documents/AO/argentum-server-net/Legacy/Source/FileIO.cs(1286,15): warning CS0168: The variable 'NpcIndex' is declared but never used [/Users/franco/Documents/AO/argentum-server-net/Legacy/Legacy.csproj]
/Users/franco/Documents/AO/argentum-server-net/Legacy/Source/FileIO.cs(1538,26): warning CS0168: The variable 'ex' is declared but never used [/Users/franco/Documents/AO/argentum-server-net/Legacy/Legacy.csproj]
/Users/franco/Documents/AO/argentum-server-net/Legacy/Source/FileIO.cs(1556,15): warning CS0168: The variable 'TempInt' is declared but never used [/Users/franco/Documents/AO/argentum-server-net/Legacy/Legacy.csproj]
/Users/franco/Documents/AO/argentum-server-net/Legacy/Source/FileIO.cs(1558,16): warning CS0168: The variable 'npcfile' is declared but never used [/Users/franco/Documents/AO/argentum-server-net/Legacy/Legacy.csproj]
/Users/franco/Documents/AO/argentum-server-net/Legacy/Source/FileIO.cs(2562,17): warning CS0219: The variable 'argEmptySpaces2' is assigned but its value is never used [/Users/franco/Documents/AO/argentum-server-net/Legacy/Legacy.csproj]
/Users/franco/Documents/AO/argentum-server-net/Legacy/Source/FileIO.cs(2567,17): warning CS0219: The variable 'argEmptySpaces4' is assigned but its value is never used [/Users/franco/Documents/AO/argentum-server-net/Legacy/Legacy.csproj]
/Users/franco/Documents/AO/argentum-server-net/Legacy/Source/FileIO.cs(2579,17): warning CS0219: The variable 'argEmptySpaces8' is assigned but its value is never used [/Users/franco/Documents/AO/argentum-server-net/Legacy/Legacy.csproj]
/Users/franco/Documents/AO/argentum-server-net/Legacy/Source/FileIO.cs(2765,15): warning CS0168: The variable 'X' is declared but never used [/Users/franco/Documents/AO/argentum-server-net/Legacy/Legacy.csproj]
/Users/franco/Documents/AO/argentum-server-net/Legacy/Source/FileIO.cs(2766,15): warning CS0168: The variable 'Y' is declared but never used [/Users/franco/Documents/AO/argentum-server-net/Legacy/Legacy.csproj]
/Users/franco/Documents/AO/argentum-server-net/Legacy/Source/FileIO.cs(2872,15): warning CS0168: The variable 'i' is declared but never used [/Users/franco/Documents/AO/argentum-server-net/Legacy/Legacy.csproj]
/Users/franco/Documents/AO/argentum-server-net/Legacy/Source/FileIO.cs(2925,13): warning CS0168: The variable 'RaceIndex' is declared but never used [/Users/franco/Documents/AO/argentum-server-net/Legacy/Legacy.csproj]
/Users/franco/Documents/AO/argentum-server-net/Legacy/Source/Protocol.cs(16994,17): warning CS0168: The variable 'error' is declared but never used [/Users/franco/Documents/AO/argentum-server-net/Legacy/Legacy.csproj]
/Users/franco/Documents/AO/argentum-server-net/Legacy/Source/Protocol.cs(19560,26): warning CS0168: The variable 'ex' is declared but never used [/Users/franco/Documents/AO/argentum-server-net/Legacy/Legacy.csproj]
/Users/franco/Documents/AO/argentum-server-net/Legacy/Source/Admin.cs(33,25): warning CS0649: Field 'Admin.IntervaloNPCAI' is never assigned to, and will always have its default value 0 [/Users/franco/Documents/AO/argentum-server-net/Legacy/Legacy.csproj]
/Users/franco/Documents/AO/argentum-server-net/Legacy/Source/cSolicitud.cs(5,19): warning CS0649: Field 'cSolicitud.desc' is never assigned to, and will always have its default value null [/Users/franco/Documents/AO/argentum-server-net/Legacy/Legacy.csproj]
/Users/franco/Documents/AO/argentum-server-net/Legacy/Source/Declares.cs(1110,22): warning CS0649: Field 'Declaraciones.FXdata.GrhIndex' is never assigned to, and will always have its default value 0 [/Users/franco/Documents/AO/argentum-server-net/Legacy/Legacy.csproj]
/Users/franco/Documents/AO/argentum-server-net/Legacy/Source/Declares.cs(1089,22): warning CS0649: Field 'Declaraciones.tPartyData.PIndex' is never assigned to, and will always have its default value 0 [/Users/franco/Documents/AO/argentum-server-net/Legacy/Legacy.csproj]
/Users/franco/Documents/AO/argentum-server-net/Legacy/Source/cSolicitud.cs(6,19): warning CS0649: Field 'cSolicitud.UserName' is never assigned to, and will always have its default value null [/Users/franco/Documents/AO/argentum-server-net/Legacy/Legacy.csproj]
/Users/franco/Documents/AO/argentum-server-net/Legacy/Source/Declares.cs(879,25): warning CS0649: Field 'Declaraciones.NumFX' is never assigned to, and will always have its default value 0 [/Users/franco/Documents/AO/argentum-server-net/Legacy/Legacy.csproj]
/Users/franco/Documents/AO/argentum-server-net/Legacy/Source/clsByteQueue.cs(600,22): warning CS0649: Field 'clsByteQueue.ByteConverter.SingleValue' is never assigned to, and will always have its default value 0 [/Users/franco/Documents/AO/argentum-server-net/Legacy/Legacy.csproj]
/Users/franco/Documents/AO/argentum-server-net/Legacy/Source/Declares.cs(919,28): warning CS0649: Field 'Declaraciones.FX' is never assigned to, and will always have its default value null [/Users/franco/Documents/AO/argentum-server-net/Legacy/Legacy.csproj]
/Users/franco/Documents/AO/argentum-server-net/Legacy/Source/Declares.cs(1090,23): warning CS0649: Field 'Declaraciones.tPartyData.RemXP' is never assigned to, and will always have its default value 0 [/Users/franco/Documents/AO/argentum-server-net/Legacy/Legacy.csproj]
/Users/franco/Documents/AO/argentum-server-net/Legacy/Source/Admin.cs(31,25): warning CS0649: Field 'Admin.IntervaloLanzaHechizo' is never assigned to, and will always have its default value 0 [/Users/franco/Documents/AO/argentum-server-net/Legacy/Legacy.csproj]
/Users/franco/Documents/AO/argentum-server-net/Legacy/Source/Declares.cs(827,24): warning CS0649: Field 'Declaraciones.BackUp' is never assigned to, and will always have its default value false [/Users/franco/Documents/AO/argentum-server-net/Legacy/Legacy.csproj]
/Users/franco/Documents/AO/argentum-server-net/Legacy/Source/Declares.cs(1091,22): warning CS0649: Field 'Declaraciones.tPartyData.TargetUser' is never assigned to, and will always have its default value 0 [/Users/franco/Documents/AO/argentum-server-net/Legacy/Legacy.csproj]
/Users/franco/Documents/AO/argentum-server-net/Legacy/Source/Declares.cs(825,24): warning CS0649: Field 'Declaraciones.SERVERONLINE' is never assigned to, and will always have its default value false [/Users/franco/Documents/AO/argentum-server-net/Legacy/Legacy.csproj]
/Users/franco/Documents/AO/argentum-server-net/Legacy/Source/Declares.cs(898,24): warning CS0649: Field 'Declaraciones.EnPausa' is never assigned to, and will always have its default value false [/Users/franco/Documents/AO/argentum-server-net/Legacy/Legacy.csproj]
/Users/franco/Documents/AO/argentum-server-net/Legacy/Source/clsByteQueue.cs(611,23): warning CS0649: Field 'clsByteQueue.DoubleConverter.DoubleValue' is never assigned to, and will always have its default value 0 [/Users/franco/Documents/AO/argentum-server-net/Legacy/Legacy.csproj]
/Users/franco/Documents/AO/argentum-server-net/Legacy/Source/Declares.cs(1111,22): warning CS0649: Field 'Declaraciones.FXdata.Delay' is never assigned to, and will always have its default value 0 [/Users/franco/Documents/AO/argentum-server-net/Legacy/Legacy.csproj]
/Users/franco/Documents/AO/argentum-server-net/Legacy/Source/clsByteQueue.cs(599,20): warning CS0649: Field 'clsByteQueue.ByteConverter.LongValue' is never assigned to, and will always have its default value 0 [/Users/franco/Documents/AO/argentum-server-net/Legacy/Legacy.csproj]
/Users/franco/Documents/AO/argentum-server-net/Legacy/Source/Admin.cs(32,25): warning CS0649: Field 'Admin.IntervaloNPCPuedeAtacar' is never assigned to, and will always have its default value 0 [/Users/franco/Documents/AO/argentum-server-net/Legacy/Legacy.csproj]
/Users/franco/Documents/AO/argentum-server-net/Legacy/Source/GameLoop.cs(49,24): warning CS0169: The field 'GameLoop._TickAutoSave_MinsPjesSave' is never used [/Users/franco/Documents/AO/argentum-server-net/Legacy/Legacy.csproj]
/Users/franco/Documents/AO/argentum-server-net/Legacy/Source/Declares.cs(1109,23): warning CS0649: Field 'Declaraciones.FXdata.Nombre' is never assigned to, and will always have its default value null [/Users/franco/Documents/AO/argentum-server-net/Legacy/Legacy.csproj]
    76 Warning(s)
    0 Error(s)

Time Elapsed 00:00:01.58
